LTspice 26.0.2 for Windows
Circuit: C:\tools\OneDrive - Höhere technische Bundeslehranstalt Graz-Gösting\hw\g4\DC-Motor-Board\sim\diffamp_voltages.net
Start Time: Thu Aug 13 14:46:17 2026
solver = Normal
Maximum thread count: 16
tnom = 27
temp = 27
method = modified trap
Compress1stOrder = true
Compress2ndOrder = true
Instance "u1:M12": Length shorter than recommended for a level 1 MOSFET.
Instance "u1:M14": Length shorter than recommended for a level 1 MOSFET.
Instance "u2:M12": Length shorter than recommended for a level 1 MOSFET.
Instance "u2:M14": Length shorter than recommended for a level 1 MOSFET.
Direct Newton iteration failed to find operating point.
Starting Gmin stepping
Gmin stepping failed to find operating point. Use".option gminsteps=0" to skip all Gmin stepping.
Starting source stepping with srcstepmethod=0
Starting source stepping with srcstepmethod=1
Source stepping failed to find operating point. Use ".options srcsteps=0" to skip all source stepping.
Starting Gmin stepping level 2
Gmin stepping level 2 failed to find operating point. Use".option gminsteps=0" to skip all Gmin stepping.
Starting source stepping with srcstepmethod=1, level 2
Starting source stepping with srcstepmethod=0, level 2
Source stepping level 2 succeeded in finding the operating point.

Total elapsed time: 4.201 seconds.

Files loaded:
C:\tools\OneDrive - Höhere technische Bundeslehranstalt Graz-Gösting\hw\g4\DC-Motor-Board\sim\diffamp_voltages.net
C:\tools\OneDrive - Höhere technische Bundeslehranstalt Graz-Gösting\hw\g4\DC-Motor-Board\sim\MCP6001-bordodynov.txt

